Archive member included to satisfy reference by file (symbol)

C:/ST/STM32CubeIDE_1.16.1/STM32CubeIDE/plugins/com.st.stm32cube.ide.mcu.externaltools.gnu-tools-for-stm32.12.3.rel1.win32_1.0.200.202406191623/tools/bin/../lib/gcc/arm-none-eabi/12.3.1/../../../../arm-none-eabi/lib/thumb/v7e-m+fp/hard\libc_nano.a(libc_a-exit.o)
                              C:/ST/STM32CubeIDE_1.16.1/STM32CubeIDE/plugins/com.st.stm32cube.ide.mcu.externaltools.gnu-tools-for-stm32.12.3.rel1.win32_1.0.200.202406191623/tools/bin/../lib/gcc/arm-none-eabi/12.3.1/../../../../arm-none-eabi/lib/thumb/v7e-m+fp/hard/crt0.o (exit)
C:/ST/STM32CubeIDE_1.16.1/STM32CubeIDE/plugins/com.st.stm32cube.ide.mcu.externaltools.gnu-tools-for-stm32.12.3.rel1.win32_1.0.200.202406191623/tools/bin/../lib/gcc/arm-none-eabi/12.3.1/../../../../arm-none-eabi/lib/thumb/v7e-m+fp/hard\libc_nano.a(libc_a-findfp.o)
                              C:/ST/STM32CubeIDE_1.16.1/STM32CubeIDE/plugins/com.st.stm32cube.ide.mcu.externaltools.gnu-tools-for-stm32.12.3.rel1.win32_1.0.200.202406191623/tools/bin/../lib/gcc/arm-none-eabi/12.3.1/../../../../arm-none-eabi/lib/thumb/v7e-m+fp/hard\libc_nano.a(libc_a-exit.o) (__stdio_exit_handler)
C:/ST/STM32CubeIDE_1.16.1/STM32CubeIDE/plugins/com.st.stm32cube.ide.mcu.externaltools.gnu-tools-for-stm32.12.3.rel1.win32_1.0.200.202406191623/tools/bin/../lib/gcc/arm-none-eabi/12.3.1/../../../../arm-none-eabi/lib/thumb/v7e-m+fp/hard\libc_nano.a(libc_a-fwalk.o)
                              C:/ST/STM32CubeIDE_1.16.1/STM32CubeIDE/plugins/com.st.stm32cube.ide.mcu.externaltools.gnu-tools-for-stm32.12.3.rel1.win32_1.0.200.202406191623/tools/bin/../lib/gcc/arm-none-eabi/12.3.1/../../../../arm-none-eabi/lib/thumb/v7e-m+fp/hard\libc_nano.a(libc_a-findfp.o) (_fwalk_sglue)
C:/ST/STM32CubeIDE_1.16.1/STM32CubeIDE/plugins/com.st.stm32cube.ide.mcu.externaltools.gnu-tools-for-stm32.12.3.rel1.win32_1.0.200.202406191623/tools/bin/../lib/gcc/arm-none-eabi/12.3.1/../../../../arm-none-eabi/lib/thumb/v7e-m+fp/hard\libc_nano.a(libc_a-stdio.o)
                              C:/ST/STM32CubeIDE_1.16.1/STM32CubeIDE/plugins/com.st.stm32cube.ide.mcu.externaltools.gnu-tools-for-stm32.12.3.rel1.win32_1.0.200.202406191623/tools/bin/../lib/gcc/arm-none-eabi/12.3.1/../../../../arm-none-eabi/lib/thumb/v7e-m+fp/hard\libc_nano.a(libc_a-findfp.o) (__sread)
C:/ST/STM32CubeIDE_1.16.1/STM32CubeIDE/plugins/com.st.stm32cube.ide.mcu.externaltools.gnu-tools-for-stm32.12.3.rel1.win32_1.0.200.202406191623/tools/bin/../lib/gcc/arm-none-eabi/12.3.1/../../../../arm-none-eabi/lib/thumb/v7e-m+fp/hard\libc_nano.a(libc_a-memset.o)
                              C:/ST/STM32CubeIDE_1.16.1/STM32CubeIDE/plugins/com.st.stm32cube.ide.mcu.externaltools.gnu-tools-for-stm32.12.3.rel1.win32_1.0.200.202406191623/tools/bin/../lib/gcc/arm-none-eabi/12.3.1/../../../../arm-none-eabi/lib/thumb/v7e-m+fp/hard/crt0.o (memset)
C:/ST/STM32CubeIDE_1.16.1/STM32CubeIDE/plugins/com.st.stm32cube.ide.mcu.externaltools.gnu-tools-for-stm32.12.3.rel1.win32_1.0.200.202406191623/tools/bin/../lib/gcc/arm-none-eabi/12.3.1/../../../../arm-none-eabi/lib/thumb/v7e-m+fp/hard\libc_nano.a(libc_a-closer.o)
                              C:/ST/STM32CubeIDE_1.16.1/STM32CubeIDE/plugins/com.st.stm32cube.ide.mcu.externaltools.gnu-tools-for-stm32.12.3.rel1.win32_1.0.200.202406191623/tools/bin/../lib/gcc/arm-none-eabi/12.3.1/../../../../arm-none-eabi/lib/thumb/v7e-m+fp/hard\libc_nano.a(libc_a-stdio.o) (_close_r)
C:/ST/STM32CubeIDE_1.16.1/STM32CubeIDE/plugins/com.st.stm32cube.ide.mcu.externaltools.gnu-tools-for-stm32.12.3.rel1.win32_1.0.200.202406191623/tools/bin/../lib/gcc/arm-none-eabi/12.3.1/../../../../arm-none-eabi/lib/thumb/v7e-m+fp/hard\libc_nano.a(libc_a-reent.o)
                              C:/ST/STM32CubeIDE_1.16.1/STM32CubeIDE/plugins/com.st.stm32cube.ide.mcu.externaltools.gnu-tools-for-stm32.12.3.rel1.win32_1.0.200.202406191623/tools/bin/../lib/gcc/arm-none-eabi/12.3.1/../../../../arm-none-eabi/lib/thumb/v7e-m+fp/hard\libc_nano.a(libc_a-closer.o) (errno)
C:/ST/STM32CubeIDE_1.16.1/STM32CubeIDE/plugins/com.st.stm32cube.ide.mcu.externaltools.gnu-tools-for-stm32.12.3.rel1.win32_1.0.200.202406191623/tools/bin/../lib/gcc/arm-none-eabi/12.3.1/../../../../arm-none-eabi/lib/thumb/v7e-m+fp/hard\libc_nano.a(libc_a-impure.o)
                              C:/ST/STM32CubeIDE_1.16.1/STM32CubeIDE/plugins/com.st.stm32cube.ide.mcu.externaltools.gnu-tools-for-stm32.12.3.rel1.win32_1.0.200.202406191623/tools/bin/../lib/gcc/arm-none-eabi/12.3.1/../../../../arm-none-eabi/lib/thumb/v7e-m+fp/hard\libc_nano.a(libc_a-reent.o) (_impure_ptr)
C:/ST/STM32CubeIDE_1.16.1/STM32CubeIDE/plugins/com.st.stm32cube.ide.mcu.externaltools.gnu-tools-for-stm32.12.3.rel1.win32_1.0.200.202406191623/tools/bin/../lib/gcc/arm-none-eabi/12.3.1/../../../../arm-none-eabi/lib/thumb/v7e-m+fp/hard\libc_nano.a(libc_a-lseekr.o)
[...]
Memory Configuration

Name             Origin             Length             Attributes
CCMRAM           0x10000000         0x00010000         xrw
RAM              0x20000000         0x00020000         xrw
FLASH            0x08000000         0x00080000         xr
*default*        0x00000000         0xffffffff

Linker script and memory map

LOAD C:/ST/STM32CubeIDE_1.16.1/STM32CubeIDE/plugins/com.st.stm32cube.ide.mcu.externaltools.gnu-tools-for-stm32.12.3.rel1.win32_1.0.200.202406191623/tools/bin/../lib/gcc/arm-none-eabi/12.3.1/thumb/v7e-m+fp/hard/crti.o
LOAD C:/ST/STM32CubeIDE_1.16.1/STM32CubeIDE/plugins/com.st.stm32cube.ide.mcu.externaltools.gnu-tools-for-stm32.12.3.rel1.win32_1.0.200.202406191623/tools/bin/../lib/gcc/arm-none-eabi/12.3.1/thumb/v7e-m+fp/hard/crtbegin.o
LOAD C:/ST/STM32CubeIDE_1.16.1/STM32CubeIDE/plugins/com.st.stm32cube.ide.mcu.externaltools.gnu-tools-for-stm32.12.3.rel1.win32_1.0.200.202406191623/tools/bin/../lib/gcc/arm-none-eabi/12.3.1/../../../../arm-none-eabi/lib/thumb/v7e-m+fp/hard/crt0.o
LOAD ./Src/adc.o
LOAD ./Src/bsp.o
LOAD ./Src/circular_buffer.o
LOAD ./Src/dfplayer_lib.o
LOAD ./Src/fpu.o
LOAD ./Src/main.o
LOAD ./Src/syscalls.o
LOAD ./Src/sysmem.o
LOAD ./Src/timebase.o
LOAD ./Src/uart.o
LOAD ./Startup/startup_stm32f407vetx.o
START GROUP
LOAD C:/ST/STM32CubeIDE_1.16.1/STM32CubeIDE/plugins/com.st.stm32cube.ide.mcu.externaltools.gnu-tools-for-stm32.12.3.rel1.win32_1.0.200.202406191623/tools/bin/../lib/gcc/arm-none-eabi/12.3.1/../../../../arm-none-eabi/lib/thumb/v7e-m+fp/hard\libc_nano.a
LOAD C:/ST/STM32CubeIDE_1.16.1/STM32CubeIDE/plugins/com.st.stm32cube.ide.mcu.externaltools.gnu-tools-for-stm32.12.3.rel1.win32_1.0.200.202406191623/tools/bin/../lib/gcc/arm-none-eabi/12.3.1/../../../../arm-none-eabi/lib/thumb/v7e-m+fp/hard\libm.a
END GROUP
START GROUP
LOAD C:/ST/STM32CubeIDE_1.16.1/STM32CubeIDE/plugins/com.st.stm32cube.ide.mcu.externaltools.gnu-tools-for-stm32.12.3.rel1.win32_1.0.200.202406191623/tools/bin/../lib/gcc/arm-none-eabi/12.3.1/thumb/v7e-m+fp/hard\libgcc.a
LOAD C:/ST/STM32CubeIDE_1.16.1/STM32CubeIDE/plugins/com.st.stm32cube.ide.mcu.externaltools.gnu-tools-for-stm32.12.3.rel1.win32_1.0.200.202406191623/tools/bin/../lib/gcc/arm-none-eabi/12.3.1/../../../../arm-none-eabi/lib/thumb/v7e-m+fp/hard\libc_nano.a
END GROUP
START GROUP
LOAD C:/ST/STM32CubeIDE_1.16.1/STM32CubeIDE/plugins/com.st.stm32cube.ide.mcu.externaltools.gnu-tools-for-stm32.12.3.rel1.win32_1.0.200.202406191623/tools/bin/../lib/gcc/arm-none-eabi/12.3.1/thumb/v7e-m+fp/hard\libgcc.a
LOAD C:/ST/STM32CubeIDE_1.16.1/STM32CubeIDE/plugins/com.st.stm32cube.ide.mcu.externaltools.gnu-tools-for-stm32.12.3.rel1.win32_1.0.200.202406191623/tools/bin/../lib/gcc/arm-none-eabi/12.3.1/../../../../arm-none-eabi/lib/thumb/v7e-m+fp/hard\libc_nano.a
LOAD C:/ST/STM32CubeIDE_1.16.1/STM32CubeIDE/plugins/com.st.stm32cube.ide.mcu.externaltools.gnu-tools-for-stm32.12.3.rel1.win32_1.0.200.202406191623/tools/bin/../lib/gcc/arm-none-eabi/12.3.1/../../../../arm-none-eabi/lib/thumb/v7e-m+fp/hard\libnosys.a
END GROUP
START GROUP
LOAD C:/ST/STM32CubeIDE_1.16.1/STM32CubeIDE/plugins/com.st.stm32cube.ide.mcu.externaltools.gnu-tools-for-stm32.12.3.rel1.win32_1.0.200.202406191623/tools/bin/../lib/gcc/arm-none-eabi/12.3.1/thumb/v7e-m+fp/hard\libgcc.a
LOAD C:/ST/STM32CubeIDE_1.16.1/STM32CubeIDE/plugins/com.st.stm32cube.ide.mcu.externaltools.gnu-tools-for-stm32.12.3.rel1.win32_1.0.200.202406191623/tools/bin/../lib/gcc/arm-none-eabi/12.3.1/../../../../arm-none-eabi/lib/thumb/v7e-m+fp/hard\libc_nano.a
LOAD C:/ST/STM32CubeIDE_1.16.1/STM32CubeIDE/plugins/com.st.stm32cube.ide.mcu.externaltools.gnu-tools-for-stm32.12.3.rel1.win32_1.0.200.202406191623/tools/bin/../lib/gcc/arm-none-eabi/12.3.1/../../../../arm-none-eabi/lib/thumb/v7e-m+fp/hard\libnosys.a
END GROUP
LOAD C:/ST/STM32CubeIDE_1.16.1/STM32CubeIDE/plugins/com.st.stm32cube.ide.mcu.externaltools.gnu-tools-for-stm32.12.3.rel1.win32_1.0.200.202406191623/tools/bin/../lib/gcc/arm-none-eabi/12.3.1/thumb/v7e-m+fp/hard/crtend.o
LOAD C:/ST/STM32CubeIDE_1.16.1/STM32CubeIDE/plugins/com.st.stm32cube.ide.mcu.externaltools.gnu-tools-for-stm32.12.3.rel1.win32_1.0.200.202406191623/tools/bin/../lib/gcc/arm-none-eabi/12.3.1/thumb/v7e-m+fp/hard/crtn.o
                0x20020000                        _estack = (ORIGIN (RAM) + LENGTH (RAM))
                0x00000200                        _Min_Heap_Size = 0x200
                0x00000400                        _Min_Stack_Size = 0x400

.isr_vector     0x08000000      0x188
                0x08000000                        . = ALIGN (0x4)
 *(.isr_vector)
 .isr_vector    0x08000000      0x188 ./Startup/startup_stm32f407vetx.o
                0x08000000                g_pfnVectors
                0x08000188                        . = ALIGN (0x4)

.text           0x08000188      0xbd0
                0x08000188                        . = ALIGN (0x4)
 *(.text)
 .text          0x08000188       0x40 C:/ST/STM32CubeIDE_1.16.1/STM32CubeIDE/plugins/com.st.stm32cube.ide.mcu.externaltools.gnu-tools-for-stm32.12.3.rel1.win32_1.0.200.202406191623/tools/bin/../lib/gcc/arm-none-eabi/12.3.1/thumb/v7e-m+fp/hard/crtbegin.o
 *(.text*)
 .text.pa1_adc_init
                0x080001c8       0x7c ./Src/adc.o
                0x080001c8                pa1_adc_init
 .text.start_conversion
                0x08000244       0x2c ./Src/adc.o
                0x08000244                start_conversion
 .text.adc_read
                0x08000270       0x24 ./Src/adc.o
                0x08000270                adc_read
 .text.led_init
                0x08000294       0x3c ./Src/bsp.o
                0x08000294                led_init
 .text.led_on   0x080002d0       0x20 ./Src/bsp.o
                0x080002d0                led_on
 .text.button_init
                0x080002f0       0x3c ./Src/bsp.o
                0x080002f0                button_init
 .text.get_btn_state
                0x0800032c       0x24 ./Src/bsp.o
                0x0800032c                get_btn_state
 .text.circular_buffer_init
                0x08000350       0x68 ./Src/circular_buffer.o
                0x08000350                circular_buffer_init
 .text.buff_store_char
                0x080003b8       0x50 ./Src/circular_buffer.o
 .text.buffer_clear
                0x08000408       0x54 ./Src/circular_buffer.o
                0x08000408                buffer_clear
 .text.buffer_write
                0x0800045c       0xd4 ./Src/circular_buffer.o
                0x0800045c                buffer_write
 .text.buffer_send_byte
                0x08000530       0x3e ./Src/circular_buffer.o
                0x08000530                buffer_send_byte
 .text.buffer_send_string
                0x0800056e       0x32 ./Src/circular_buffer.o
                0x0800056e                buffer_send_string
 .text.slave_dev_uart_callback
                0x080005a0       0xa8 ./Src/circular_buffer.o
                0x080005a0                slave_dev_uart_callback
 .text.debug_uart_callback
                0x08000648       0xa8 ./Src/circular_buffer.o
                0x08000648                debug_uart_callback
 .text.USART1_IRQHandler
                0x080006f0        0xc ./Src/circular_buffer.o
                0x080006f0                USART1_IRQHandler
 .text.USART6_IRQHandler
                0x080006fc        0xc ./Src/circular_buffer.o
                0x080006fc                USART6_IRQHandler
 .text.dfplayer_send_cmd
                0x08000708       0x88 ./Src/dfplayer_lib.o
                0x08000708                dfplayer_send_cmd
 .text.dfplayer_init
                0x08000790       0x34 ./Src/dfplayer_lib.o
                0x08000790                dfplayer_init
 .text.dfplayer_play_first_track
                0x080007c4       0x18 ./Src/dfplayer_lib.o
                0x080007c4                dfplayer_play_first_track
 .text.dfplayer_pause_track
                0x080007dc       0x18 ./Src/dfplayer_lib.o
                0x080007dc                dfplayer_pause_track
 .text.dfplayer_playback_track
                0x080007f4       0x18 ./Src/dfplayer_lib.o
                0x080007f4                dfplayer_playback_track
 .text.test_play_pause_btn
                0x0800080c       0x40 ./Src/dfplayer_lib.o
                0x0800080c                test_play_pause_btn
 .text.fpu_enable
                0x0800084c       0x54 ./Src/fpu.o
                0x0800084c                fpu_enable
 .text.main     0x080008a0       0xa8 ./Src/main.o
                0x080008a0                main
 .text.delay    0x08000948       0x3c ./Src/timebase.o
                0x08000948                delay
 .text.get_tick
                0x08000984       0x2c ./Src/timebase.o
                0x08000984                get_tick
 .text.tick_increment
                0x080009b0       0x1c ./Src/timebase.o
 .text.timebase_init
                0x080009cc       0x48 ./Src/timebase.o
                0x080009cc                timebase_init
 .text.SysTick_Handler
                0x08000a14        0xc ./Src/timebase.o
                0x08000a14                SysTick_Handler
 .text.__NVIC_EnableIRQ
                0x08000a20       0x3c ./Src/uart.o
 .text.debug_uart_init
                0x08000a5c       0xf0 ./Src/uart.o
                0x08000a5c                debug_uart_init
 .text.slave_dev_uart_init
                0x08000b4c       0xf8 ./Src/uart.o
                0x08000b4c                slave_dev_uart_init
 .text.compute_uart_bd
                0x08000c44       0x26 ./Src/uart.o
 *fill*         0x08000c6a        0x2 
 .text.uart_set_baudrate
                0x08000c6c       0x28 ./Src/uart.o
 .text.Reset_Handler
                0x08000c94       0x50 ./Startup/startup_stm32f407vetx.o
                0x08000c94                Reset_Handler
 .text.Default_Handler
                0x08000ce4        0x2 ./Startup/startup_stm32f407vetx.o
                0x08000ce4                RTC_Alarm_IRQHandler
                0x08000ce4                HASH_RNG_IRQHandler
                0x08000ce4                EXTI2_IRQHandler
                0x08000ce4                TIM8_CC_IRQHandler
                0x08000ce4                DebugMon_Handler
                0x08000ce4                TIM1_CC_IRQHandler
                0x08000ce4                DMA2_Stream5_IRQHandler
                0x08000ce4                HardFault_Handler
                0x08000ce4                DMA1_Stream5_IRQHandler
                0x08000ce4                PVD_IRQHandler
                0x08000ce4                SDIO_IRQHandler
                0x08000ce4                TAMP_STAMP_IRQHandler
                0x08000ce4                PendSV_Handler
                0x08000ce4                NMI_Handler
                0x08000ce4                CAN2_RX1_IRQHandler
                0x08000ce4                EXTI3_IRQHandler
                0x08000ce4                TIM8_TRG_COM_TIM14_IRQHandler
                0x08000ce4                TIM1_UP_TIM10_IRQHandler
                0x08000ce4                TIM8_UP_TIM13_IRQHandler
                0x08000ce4                I2C3_ER_IRQHandler
                0x08000ce4                EXTI0_IRQHandler
                0x08000ce4                I2C2_EV_IRQHandler
                0x08000ce4                DMA1_Stream2_IRQHandler
                0x08000ce4                CAN1_RX0_IRQHandler
                0x08000ce4                FPU_IRQHandler
                0x08000ce4                OTG_HS_WKUP_IRQHandler
                0x08000ce4                UsageFault_Handler
                0x08000ce4                CAN2_SCE_IRQHandler
                0x08000ce4                DMA2_Stream2_IRQHandler
                0x08000ce4                SPI1_IRQHandler
                0x08000ce4                TIM6_DAC_IRQHandler
                0x08000ce4                TIM1_BRK_TIM9_IRQHandler
                0x08000ce4                DCMI_IRQHandler
                0x08000ce4                CAN2_RX0_IRQHandler
                0x08000ce4                DMA2_Stream3_IRQHandler
                0x08000ce4                USART3_IRQHandler
                0x08000ce4                CRYP_IRQHandler
                0x08000ce4                CAN1_RX1_IRQHandler
                0x08000ce4                UART5_IRQHandler
                0x08000ce4                DMA2_Stream0_IRQHandler
                0x08000ce4                TIM4_IRQHandler
                0x08000ce4                I2C1_EV_IRQHandler
                0x08000ce4                DMA1_Stream6_IRQHandler
                0x08000ce4                DMA1_Stream1_IRQHandler
                0x08000ce4                UART4_IRQHandler
                0x08000ce4                TIM3_IRQHandler
                0x08000ce4                RCC_IRQHandler
                0x08000ce4                TIM8_BRK_TIM12_IRQHandler
                0x08000ce4                Default_Handler
                0x08000ce4                EXTI15_10_IRQHandler
                0x08000ce4                ADC_IRQHandler
                0x08000ce4                DMA1_Stream7_IRQHandler
                0x08000ce4                TIM7_IRQHandler
                0x08000ce4                CAN2_TX_IRQHandler
                0x08000ce4                TIM5_IRQHandler
                0x08000ce4                DMA2_Stream7_IRQHandler
                0x08000ce4                I2C3_EV_IRQHandler
                0x08000ce4                EXTI9_5_IRQHandler
                0x08000ce4                RTC_WKUP_IRQHandler
                0x08000ce4                ETH_WKUP_IRQHandler
                0x08000ce4                SPI2_IRQHandler
                0x08000ce4                OTG_HS_EP1_IN_IRQHandler
                0x08000ce4                MemManage_Handler
                0x08000ce4                DMA1_Stream0_IRQHandler
                0x08000ce4                CAN1_TX_IRQHandler
                0x08000ce4                SVC_Handler
                0x08000ce4                EXTI4_IRQHandler
                0x08000ce4                FSMC_IRQHandler
                0x08000ce4                ETH_IRQHandler
                0x08000ce4                OTG_HS_EP1_OUT_IRQHandler
                0x08000ce4                WWDG_IRQHandler
                0x08000ce4                TIM2_IRQHandler
                0x08000ce4                OTG_FS_WKUP_IRQHandler
                0x08000ce4                TIM1_TRG_COM_TIM11_IRQHandler
                0x08000ce4                OTG_HS_IRQHandler
                0x08000ce4                EXTI1_IRQHandler
                0x08000ce4                USART2_IRQHandler
                0x08000ce4                I2C2_ER_IRQHandler
                0x08000ce4                DMA2_Stream1_IRQHandler
                0x08000ce4                CAN1_SCE_IRQHandler
                0x08000ce4                DMA2_Stream4_IRQHandler
                0x08000ce4                BusFault_Handler
                0x08000ce4                OTG_FS_IRQHandler
                0x08000ce4                SPI3_IRQHandler
                0x08000ce4                DMA1_Stream4_IRQHandler
                0x08000ce4                I2C1_ER_IRQHandler
                0x08000ce4                DMA2_Stream6_IRQHandler
                0x08000ce4                DMA1_Stream3_IRQHandler
 .text.memset   0x08000ce6       0x10 C:/ST/STM32CubeIDE_1.16.1/STM32CubeIDE/plugins/com.st.stm32cube.ide.mcu.externaltools.gnu-tools-for-stm32.12.3.rel1.win32_1.0.200.202406191623/tools/bin/../lib/gcc/arm-none-eabi/12.3.1/../../../../arm-none-eabi/lib/thumb/v7e-m+fp/hard\libc_nano.a(libc_a-memset.o)
                0x08000ce6                memset
 *fill*         0x08000cf6        0x2 
 .text.__libc_init_array
                0x08000cf8       0x48 C:/ST/STM32CubeIDE_1.16.1/STM32CubeIDE/plugins/com.st.stm32cube.ide.mcu.externaltools.gnu-tools-for-stm32.12.3.rel1.win32_1.0.200.202406191623/tools/bin/../lib/gcc/arm-none-eabi/12.3.1/../../../../arm-none-eabi/lib/thumb/v7e-m+fp/hard\libc_nano.a(libc_a-init.o)
                0x08000cf8                __libc_init_array
 *(.glue_7)
 .glue_7        0x08000d40        0x0 linker stubs
 *(.glue_7t)
 .glue_7t       0x08000d40        0x0 linker stubs
 *(.eh_frame)
 .eh_frame      0x08000d40        0x0 C:/ST/STM32CubeIDE_1.16.1/STM32CubeIDE/plugins/com.st.stm32cube.ide.mcu.externaltools.gnu-tools-for-stm32.12.3.rel1.win32_1.0.200.202406191623/tools/bin/../lib/gcc/arm-none-eabi/12.3.1/thumb/v7e-m+fp/hard/crtbegin.o
 *(.init)
 .init          0x08000d40        0x4 C:/ST/STM32CubeIDE_1.16.1/STM32CubeIDE/plugins/com.st.stm32cube.ide.mcu.externaltools.gnu-tools-for-stm32.12.3.rel1.win32_1.0.200.202406191623/tools/bin/../lib/gcc/arm-none-eabi/12.3.1/thumb/v7e-m+fp/hard/crti.o
                0x08000d40                _init
 .init          0x08000d44        0x8 C:/ST/STM32CubeIDE_1.16.1/STM32CubeIDE/plugins/com.st.stm32cube.ide.mcu.externaltools.gnu-tools-for-stm32.12.3.rel1.win32_1.0.200.202406191623/tools/bin/../lib/gcc/arm-none-eabi/12.3.1/thumb/v7e-m+fp/hard/crtn.o
 *(.fini)
 .fini          0x08000d4c        0x4 C:/ST/STM32CubeIDE_1.16.1/STM32CubeIDE/plugins/com.st.stm32cube.ide.mcu.externaltools.gnu-tools-for-stm32.12.3.rel1.win32_1.0.200.202406191623/tools/bin/../lib/gcc/arm-none-eabi/12.3.1/thumb/v7e-m+fp/hard/crti.o
                0x08000d4c                _fini
 .fini          0x08000d50        0x8 C:/ST/STM32CubeIDE_1.16.1/STM32CubeIDE/plugins/com.st.stm32cube.ide.mcu.externaltools.gnu-tools-for-stm32.12.3.rel1.win32_1.0.200.202406191623/tools/bin/../lib/gcc/arm-none-eabi/12.3.1/thumb/v7e-m+fp/hard/crtn.o
                0x08000d58                        . = ALIGN (0x4)
                0x08000d58                        _etext = .

.vfp11_veneer   0x08000d58        0x0
 .vfp11_veneer  0x08000d58        0x0 linker stubs

.v4_bx          0x08000d58        0x0
 .v4_bx         0x08000d58        0x0 linker stubs

.iplt           0x08000d58        0x0
 .iplt          0x08000d58        0x0 C:/ST/STM32CubeIDE_1.16.1/STM32CubeIDE/plugins/com.st.stm32cube.ide.mcu.externaltools.gnu-tools-for-stm32.12.3.rel1.win32_1.0.200.202406191623/tools/bin/../lib/gcc/arm-none-eabi/12.3.1/thumb/v7e-m+fp/hard/crtbegin.o

.rodata         0x08000d58       0x10
                0x08000d58                        . = ALIGN (0x4)
 *(.rodata)
 .rodata        0x08000d58        0xd ./Src/main.o
 *(.rodata*)
                0x08000d68                        . = ALIGN (0x4)
 *fill*         0x08000d65        0x3 

.ARM.extab      0x08000d68        0x0
                0x08000d68                        . = ALIGN (0x4)
 *(.ARM.extab* .gnu.linkonce.armextab.*)
                0x08000d68                        . = ALIGN (0x4)

.ARM            0x08000d68        0x0
                0x08000d68                        . = ALIGN (0x4)
                0x08000d68                        __exidx_start = .
 *(.ARM.exidx*)
                0x08000d68                        __exidx_end = .
                0x08000d68                        . = ALIGN (0x4)

.preinit_array  0x08000d68        0x0
                0x08000d68                        . = ALIGN (0x4)
                0x08000d68                        PROVIDE (__preinit_array_start = .)
 *(.preinit_array*)
                0x08000d68                        PROVIDE (__preinit_array_end = .)
                0x08000d68                        . = ALIGN (0x4)

.init_array     0x08000d68        0x4
                0x08000d68                        . = ALIGN (0x4)
                0x08000d68                        PROVIDE (__init_array_start = .)
 *(SORT_BY_NAME(.init_array.*))
 *(.init_array*)
 .init_array    0x08000d68        0x4 C:/ST/STM32CubeIDE_1.16.1/STM32CubeIDE/plugins/com.st.stm32cube.ide.mcu.externaltools.gnu-tools-for-stm32.12.3.rel1.win32_1.0.200.202406191623/tools/bin/../lib/gcc/arm-none-eabi/12.3.1/thumb/v7e-m+fp/hard/crtbegin.o
                0x08000d6c                        PROVIDE (__init_array_end = .)
                0x08000d6c                        . = ALIGN (0x4)

.fini_array     0x08000d6c        0x4
                0x08000d6c                        . = ALIGN (0x4)
                [!provide]                        PROVIDE (__fini_array_start = .)
 *(SORT_BY_NAME(.fini_array.*))
 *(.fini_array*)
 .fini_array    0x08000d6c        0x4 C:/ST/STM32CubeIDE_1.16.1/STM32CubeIDE/plugins/com.st.stm32cube.ide.mcu.externaltools.gnu-tools-for-stm32.12.3.rel1.win32_1.0.200.202406191623/tools/bin/../lib/gcc/arm-none-eabi/12.3.1/thumb/v7e-m+fp/hard/crtbegin.o
                [!provide]                        PROVIDE (__fini_array_end = .)
                0x08000d70                        . = ALIGN (0x4)
                0x08000d70                        _sidata = LOADADDR (.data)

.rel.dyn        0x08000d70        0x0
 .rel.iplt      0x08000d70        0x0 C:/ST/STM32CubeIDE_1.16.1/STM32CubeIDE/plugins/com.st.stm32cube.ide.mcu.externaltools.gnu-tools-for-stm32.12.3.rel1.win32_1.0.200.202406191623/tools/bin/../lib/gcc/arm-none-eabi/12.3.1/thumb/v7e-m+fp/hard/crtbegin.o

.data           0x20000000        0x4 load address 0x08000d70
                0x20000000                        . = ALIGN (0x4)
                0x20000000                        _sdata = .
 *(.data)
 *(.data*)
 .data.slave_dev_port
                0x20000000        0x1 ./Src/dfplayer_lib.o
                0x20000000                slave_dev_port
 *(.RamFunc)
 *(.RamFunc*)
                0x20000004                        . = ALIGN (0x4)
 *fill*         0x20000001        0x3 
                0x20000004                        _edata = .
                0x08000d74                        _siccmram = LOADADDR (.ccmram)

.igot.plt       0x20000004        0x0 load address 0x08000d74
 .igot.plt      0x20000004        0x0 C:/ST/STM32CubeIDE_1.16.1/STM32CubeIDE/plugins/com.st.stm32cube.ide.mcu.externaltools.gnu-tools-for-stm32.12.3.rel1.win32_1.0.200.202406191623/tools/bin/../lib/gcc/arm-none-eabi/12.3.1/thumb/v7e-m+fp/hard/crtbegin.o

.ccmram         0x10000000        0x0 load address 0x08000d74
                0x10000000                        . = ALIGN (0x4)
                0x10000000                        _sccmram = .
 *(.ccmram)
 *(.ccmram*)
                0x10000000                        . = ALIGN (0x4)
                0x10000000                        _eccmram = .
                0x10000000                        . = ALIGN (0x4)

.bss            0x20000004      0x1ec
                0x20000004                        _sbss = .
                0x20000004                        __bss_start__ = _sbss
 *(.bss)
 .bss           0x20000004       0x1c C:/ST/STM32CubeIDE_1.16.1/STM32CubeIDE/plugins/com.st.stm32cube.ide.mcu.externaltools.gnu-tools-for-stm32.12.3.rel1.win32_1.0.200.202406191623/tools/bin/../lib/gcc/arm-none-eabi/12.3.1/thumb/v7e-m+fp/hard/crtbegin.o
 *(.bss*)
 .bss.rx_buffer1
                0x20000020       0x6c ./Src/circular_buffer.o
                0x20000020                rx_buffer1
 .bss.tx_buffer1
                0x2000008c       0x6c ./Src/circular_buffer.o
                0x2000008c                tx_buffer1
 .bss.rx_buffer2
                0x200000f8       0x6c ./Src/circular_buffer.o
                0x200000f8                rx_buffer2
 .bss.tx_buffer2
                0x20000164       0x6c ./Src/circular_buffer.o
                0x20000164                tx_buffer2
 .bss._rx_buffer1
                0x200001d0        0x4 ./Src/circular_buffer.o
                0x200001d0                _rx_buffer1
 .bss._tx_buffer1
                0x200001d4        0x4 ./Src/circular_buffer.o
                0x200001d4                _tx_buffer1
 .bss._rx_buffer2
                0x200001d8        0x4 ./Src/circular_buffer.o
                0x200001d8                _rx_buffer2
 .bss._tx_buffer2
                0x200001dc        0x4 ./Src/circular_buffer.o
                0x200001dc                _tx_buffer2
 .bss.IS_PLAYING
                0x200001e0        0x1 ./Src/dfplayer_lib.o
                0x200001e0                IS_PLAYING
 .bss.btn_state
                0x200001e1        0x1 ./Src/main.o
                0x200001e1                btn_state
 *fill*         0x200001e2        0x2 
 .bss.sensor_value
                0x200001e4        0x4 ./Src/main.o
                0x200001e4                sensor_value
 .bss.g_curr_tick
                0x200001e8        0x4 ./Src/timebase.o
                0x200001e8                g_curr_tick
 .bss.g_curr_tick_p
                0x200001ec        0x4 ./Src/timebase.o
                0x200001ec                g_curr_tick_p
 *(COMMON)
                0x200001f0                        . = ALIGN (0x4)
                0x200001f0                        _ebss = .
                0x200001f0                        __bss_end__ = _ebss

._user_heap_stack
                0x200001f0      0x600
                0x200001f0                        . = ALIGN (0x8)
                [!provide]                        PROVIDE (end = .)
                0x200001f0                        PROVIDE (_end = .)
                0x200003f0                        . = (. + _Min_Heap_Size)
 *fill*         0x200001f0      0x200 
                0x200007f0                        . = (. + _Min_Stack_Size)
 *fill*         0x200003f0      0x400 
                0x200007f0                        . = ALIGN (0x8)

/DISCARD/
 libc.a(*)
 libm.a(*)
 libgcc.a(*)

.ARM.attributes
                0x00000000       0x30
 *(.ARM.attributes)
 .ARM.attributes
                0x00000000       0x22 C:/ST/STM32CubeIDE_1.16.1/STM32CubeIDE/plugins/com.st.stm32cube.ide.mcu.externaltools.gnu-tools-for-stm32.12.3.rel1.win32_1.0.200.202406191623/tools/bin/../lib/gcc/arm-none-eabi/12.3.1/thumb/v7e-m+fp/hard/crti.o
 .ARM.attributes
                0x00000022       0x34 C:/ST/STM32CubeIDE_1.16.1/STM32CubeIDE/plugins/com.st.stm32cube.ide.mcu.externaltools.gnu-tools-for-stm32.12.3.rel1.win32_1.0.200.202406191623/tools/bin/../lib/gcc/arm-none-eabi/12.3.1/thumb/v7e-m+fp/hard/crtbegin.o
 .ARM.attributes
                0x00000056       0x34 ./Src/adc.o
 .ARM.attributes
                0x0000008a       0x34 ./Src/bsp.o
 .ARM.attributes
                0x000000be       0x34 ./Src/circular_buffer.o
 .ARM.attributes
                0x000000f2       0x34 ./Src/dfplayer_lib.o
 .ARM.attributes
                0x00000126       0x34 ./Src/fpu.o
 .ARM.attributes
                0x0000015a       0x34 ./Src/main.o
 .ARM.attributes
                0x0000018e       0x34 ./Src/timebase.o
 .ARM.attributes
                0x000001c2       0x34 ./Src/uart.o
 .ARM.attributes
                0x000001f6       0x21 ./Startup/startup_stm32f407vetx.o
 .ARM.attributes
                0x00000217       0x34 C:/ST/STM32CubeIDE_1.16.1/STM32CubeIDE/plugins/com.st.stm32cube.ide.mcu.externaltools.gnu-tools-for-stm32.12.3.rel1.win32_1.0.200.202406191623/tools/bin/../lib/gcc/arm-none-eabi/12.3.1/../../../../arm-none-eabi/lib/thumb/v7e-m+fp/hard\libc_nano.a(libc_a-memset.o)
 .ARM.attributes
                0x0000024b       0x34 C:/ST/STM32CubeIDE_1.16.1/STM32CubeIDE/plugins/com.st.stm32cube.ide.mcu.externaltools.gnu-tools-for-stm32.12.3.rel1.win32_1.0.200.202406191623/tools/bin/../lib/gcc/arm-none-eabi/12.3.1/../../../../arm-none-eabi/lib/thumb/v7e-m+fp/hard\libc_nano.a(libc_a-init.o)
 .ARM.attributes
                0x0000027f       0x22 C:/ST/STM32CubeIDE_1.16.1/STM32CubeIDE/plugins/com.st.stm32cube.ide.mcu.externaltools.gnu-tools-for-stm32.12.3.rel1.win32_1.0.200.202406191623/tools/bin/../lib/gcc/arm-none-eabi/12.3.1/thumb/v7e-m+fp/hard/crtn.o
OUTPUT(audio_proj_blk.elf elf32-littlearm)
LOAD linker stubs
LOAD C:/ST/STM32CubeIDE_1.16.1/STM32CubeIDE/plugins/com.st.stm32cube.ide.mcu.externaltools.gnu-tools-for-stm32.12.3.rel1.win32_1.0.200.202406191623/tools/bin/../lib/gcc/arm-none-eabi/12.3.1/../../../../arm-none-eabi/lib/thumb/v7e-m+fp/hard\libc.a
LOAD C:/ST/STM32CubeIDE_1.16.1/STM32CubeIDE/plugins/com.st.stm32cube.ide.mcu.externaltools.gnu-tools-for-stm32.12.3.rel1.win32_1.0.200.202406191623/tools/bin/../lib/gcc/arm-none-eabi/12.3.1/../../../../arm-none-eabi/lib/thumb/v7e-m+fp/hard\libm.a
LOAD C:/ST/STM32CubeIDE_1.16.1/STM32CubeIDE/plugins/com.st.stm32cube.ide.mcu.externaltools.gnu-tools-for-stm32.12.3.rel1.win32_1.0.200.202406191623/tools/bin/../lib/gcc/arm-none-eabi/12.3.1/thumb/v7e-m+fp/hard\libgcc.a

.debug_info     0x00000000     0x2006
 .debug_info    0x00000000      0x3f3 ./Src/adc.o
 .debug_info    0x000003f3      0x309 ./Src/bsp.o
 .debug_info    0x000006fc      0x610 ./Src/circular_buffer.o
 .debug_info    0x00000d0c      0x2ab ./Src/dfplayer_lib.o
 .debug_info    0x00000fb7      0x249 ./Src/fpu.o
 .debug_info    0x00001200      0x3e5 ./Src/main.o
 .debug_info    0x000015e5      0x1d9 ./Src/timebase.o
 .debug_info    0x000017be      0x818 ./Src/uart.o
 .debug_info    0x00001fd6       0x30 ./Startup/startup_stm32f407vetx.o

.debug_abbrev   0x00000000      0xb1b
 .debug_abbrev  0x00000000      0x139 ./Src/adc.o
 .debug_abbrev  0x00000139       0xd3 ./Src/bsp.o
 .debug_abbrev  0x0000020c      0x284 ./Src/circular_buffer.o
 .debug_abbrev  0x00000490      0x136 ./Src/dfplayer_lib.o
 .debug_abbrev  0x000005c6       0xb8 ./Src/fpu.o
 .debug_abbrev  0x0000067e      0x13f ./Src/main.o
 .debug_abbrev  0x000007bd      0x16e ./Src/timebase.o
 .debug_abbrev  0x0000092b      0x1cc ./Src/uart.o
 .debug_abbrev  0x00000af7       0x24 ./Startup/startup_stm32f407vetx.o

.debug_aranges  0x00000000      0x270
 .debug_aranges
                0x00000000       0x30 ./Src/adc.o
 .debug_aranges
                0x00000030       0x40 ./Src/bsp.o
 .debug_aranges
                0x00000070       0x98 ./Src/circular_buffer.o
 .debug_aranges
                0x00000108       0x68 ./Src/dfplayer_lib.o
 .debug_aranges
                0x00000170       0x20 ./Src/fpu.o
 .debug_aranges
                0x00000190       0x20 ./Src/main.o
 .debug_aranges
                0x000001b0       0x40 ./Src/timebase.o
 .debug_aranges
                0x000001f0       0x58 ./Src/uart.o
 .debug_aranges
                0x00000248       0x28 ./Startup/startup_stm32f407vetx.o

.debug_rnglists
                0x00000000      0x1b0
 .debug_rnglists
                0x00000000       0x1f ./Src/adc.o
 .debug_rnglists
                0x0000001f       0x2b ./Src/bsp.o
 .debug_rnglists
                0x0000004a       0x72 ./Src/circular_buffer.o
 .debug_rnglists
                0x000000bc       0x4a ./Src/dfplayer_lib.o
 .debug_rnglists
                0x00000106       0x13 ./Src/fpu.o
 .debug_rnglists
                0x00000119       0x14 ./Src/main.o
 .debug_rnglists
                0x0000012d       0x2b ./Src/timebase.o
 .debug_rnglists
                0x00000158       0x3f ./Src/uart.o
 .debug_rnglists
                0x00000197       0x19 ./Startup/startup_stm32f407vetx.o

.debug_macro    0x00000000    0x19a76
 .debug_macro   0x00000000      0x108 ./Src/adc.o
 .debug_macro   0x00000108      0xac0 ./Src/adc.o
 .debug_macro   0x00000bc8       0x28 ./Src/adc.o
 .debug_macro   0x00000bf0       0x2f ./Src/adc.o
 .debug_macro   0x00000c1f       0x22 ./Src/adc.o
 .debug_macro   0x00000c41       0x8e ./Src/adc.o
 .debug_macro   0x00000ccf       0x51 ./Src/adc.o
 .debug_macro   0x00000d20      0x103 ./Src/adc.o
 .debug_macro   0x00000e23       0x6a ./Src/adc.o
 .debug_macro   0x00000e8d      0x1df ./Src/adc.o
 .debug_macro   0x0000106c       0x1c ./Src/adc.o
 .debug_macro   0x00001088       0x22 ./Src/adc.o
 .debug_macro   0x000010aa       0xfb ./Src/adc.o
 .debug_macro   0x000011a5     0x1011 ./Src/adc.o
 .debug_macro   0x000021b6      0x11f ./Src/adc.o
 .debug_macro   0x000022d5    0x15e97 ./Src/adc.o
 .debug_macro   0x0001816c       0x6d ./Src/adc.o
 .debug_macro   0x000181d9      0x105 ./Src/bsp.o
 .debug_macro   0x000182de       0x22 ./Src/bsp.o
 .debug_macro   0x00018300      0x1d2 ./Src/circular_buffer.o
 .debug_macro   0x000184d2       0x10 ./Src/circular_buffer.o
 .debug_macro   0x000184e2       0x61 ./Src/circular_buffer.o
 .debug_macro   0x00018543       0x2a ./Src/circular_buffer.o
 .debug_macro   0x0001856d       0x43 ./Src/circular_buffer.o
 .debug_macro   0x000185b0       0x34 ./Src/circular_buffer.o
 .debug_macro   0x000185e4      0x189 ./Src/circular_buffer.o
 .debug_macro   0x0001876d       0x16 ./Src/circular_buffer.o
 .debug_macro   0x00018783       0x43 ./Src/circular_buffer.o
 .debug_macro   0x000187c6       0x34 ./Src/circular_buffer.o
 .debug_macro   0x000187fa       0x10 ./Src/circular_buffer.o
 .debug_macro   0x0001880a       0x58 ./Src/circular_buffer.o
 .debug_macro   0x00018862       0x8e ./Src/circular_buffer.o
 .debug_macro   0x000188f0       0x1c ./Src/circular_buffer.o
 .debug_macro   0x0001890c      0x177 ./Src/circular_buffer.o
 .debug_macro   0x00018a83      0x369 ./Src/circular_buffer.o
 .debug_macro   0x00018dec       0x10 ./Src/circular_buffer.o
 .debug_macro   0x00018dfc       0x35 ./Src/circular_buffer.o
 .debug_macro   0x00018e31       0x20 ./Src/circular_buffer.o
 .debug_macro   0x00018e51      0x202 ./Src/dfplayer_lib.o
 .debug_macro   0x00019053       0x5b ./Src/dfplayer_lib.o
 .debug_macro   0x000190ae       0x94 ./Src/dfplayer_lib.o
 .debug_macro   0x00019142       0x16 ./Src/dfplayer_lib.o
 .debug_macro   0x00019158       0x57 ./Src/dfplayer_lib.o
 .debug_macro   0x000191af       0x9e ./Src/dfplayer_lib.o
 .debug_macro   0x0001924d      0x10b ./Src/dfplayer_lib.o
 .debug_macro   0x00019358       0x10 ./Src/dfplayer_lib.o
 .debug_macro   0x00019368       0x16 ./Src/dfplayer_lib.o
 .debug_macro   0x0001937e       0x16 ./Src/dfplayer_lib.o
 .debug_macro   0x00019394      0x146 ./Src/dfplayer_lib.o
 .debug_macro   0x000194da       0x8e ./Src/dfplayer_lib.o
 .debug_macro   0x00019568       0xd8 ./Src/fpu.o
 .debug_macro   0x00019640      0x20e ./Src/main.o
 .debug_macro   0x0001984e      0x108 ./Src/timebase.o
 .debug_macro   0x00019956      0x120 ./Src/uart.o

.debug_line     0x00000000     0x3aa3
 .debug_line    0x00000000      0x5de ./Src/adc.o
 .debug_line    0x000005de      0x5eb ./Src/bsp.o
 .debug_line    0x00000bc9      0xb83 ./Src/circular_buffer.o
 .debug_line    0x0000174c      0x836 ./Src/dfplayer_lib.o
 .debug_line    0x00001f82      0x567 ./Src/fpu.o
 .debug_line    0x000024e9      0x76b ./Src/main.o
 .debug_line    0x00002c54      0x636 ./Src/timebase.o
 .debug_line    0x0000328a      0x79e ./Src/uart.o
 .debug_line    0x00003a28       0x7b ./Startup/startup_stm32f407vetx.o

.debug_str      0x00000000    0x8cdf3
 .debug_str     0x00000000    0x88463 ./Src/adc.o
                              0x885d1 (size before relaxing)
 .debug_str     0x00088463       0xda ./Src/bsp.o
                              0x88596 (size before relaxing)
 .debug_str     0x0008853d     0x36be ./Src/circular_buffer.o
                              0x8bb06 (size before relaxing)
 .debug_str     0x0008bbfb      0x955 ./Src/dfplayer_lib.o
                              0x8c23b (size before relaxing)
 .debug_str     0x0008c550       0x77 ./Src/fpu.o
                              0x88409 (size before relaxing)
 .debug_str     0x0008c5c7       0x61 ./Src/main.o
                              0x8c2f0 (size before relaxing)
 .debug_str     0x0008c628      0x144 ./Src/timebase.o
                              0x884de (size before relaxing)
 .debug_str     0x0008c76c      0x648 ./Src/uart.o
                              0x88bb2 (size before relaxing)
 .debug_str     0x0008cdb4       0x3f ./Startup/startup_stm32f407vetx.o
                                 0x79 (size before relaxing)

.comment        0x00000000       0x43
 .comment       0x00000000       0x43 ./Src/adc.o
                                 0x44 (size before relaxing)
 .comment       0x00000043       0x44 ./Src/bsp.o
 .comment       0x00000043       0x44 ./Src/circular_buffer.o
 .comment       0x00000043       0x44 ./Src/dfplayer_lib.o
 .comment       0x00000043       0x44 ./Src/fpu.o
 .comment       0x00000043       0x44 ./Src/main.o
 .comment       0x00000043       0x44 ./Src/timebase.o
 .comment       0x00000043       0x44 ./Src/uart.o

.debug_frame    0x00000000      0x738
 .debug_frame   0x00000000       0x78 ./Src/adc.o
 .debug_frame   0x00000078       0xb0 ./Src/bsp.o
 .debug_frame   0x00000128      0x250 ./Src/circular_buffer.o
 .debug_frame   0x00000378      0x138 ./Src/dfplayer_lib.o
 .debug_frame   0x000004b0       0x30 ./Src/fpu.o
 .debug_frame   0x000004e0       0x2c ./Src/main.o
 .debug_frame   0x0000050c       0xb0 ./Src/timebase.o
 .debug_frame   0x000005bc      0x130 ./Src/uart.o
 .debug_frame   0x000006ec       0x20 C:/ST/STM32CubeIDE_1.16.1/STM32CubeIDE/plugins/com.st.stm32cube.ide.mcu.externaltools.gnu-tools-for-stm32.12.3.rel1.win32_1.0.200.202406191623/tools/bin/../lib/gcc/arm-none-eabi/12.3.1/../../../../arm-none-eabi/lib/thumb/v7e-m+fp/hard\libc_nano.a(libc_a-memset.o)
 .debug_frame   0x0000070c       0x2c C:/ST/STM32CubeIDE_1.16.1/STM32CubeIDE/plugins/com.st.stm32cube.ide.mcu.externaltools.gnu-tools-for-stm32.12.3.rel1.win32_1.0.200.202406191623/tools/bin/../lib/gcc/arm-none-eabi/12.3.1/../../../../arm-none-eabi/lib/thumb/v7e-m+fp/hard\libc_nano.a(libc_a-init.o)

.debug_line_str
                0x00000000       0x5d
 .debug_line_str
                0x00000000       0x5d ./Startup/startup_stm32f407vetx.o
