../Src/circular_buffer.c:23:6:circular_buffer_init	4	static
../Src/circular_buffer.c:36:13:buff_store_char	24	static
../Src/circular_buffer.c:48:6:buffer_clear	16	static
../Src/circular_buffer.c:66:5:buffer_peek	24	static
../Src/circular_buffer.c:101:5:buffer_read	24	static
../Src/circular_buffer.c:140:6:buffer_write	24	static
../Src/circular_buffer.c:169:6:buffer_send_byte	32	static
../Src/circular_buffer.c:178:5:is_data	24	static
../Src/circular_buffer.c:202:13:get_first_char	16	static
../Src/circular_buffer.c:215:5:is_response	24	static
../Src/circular_buffer.c:242:6:get_strs	24	static
../Src/circular_buffer.c:253:6:buffer_send_string	16	static
../Src/circular_buffer.c:261:6:slave_dev_uart_callback	16	static
../Src/circular_buffer.c:291:6:debug_uart_callback	16	static
../Src/circular_buffer.c:321:6:USART1_IRQHandler	8	static
../Src/circular_buffer.c:326:6:USART6_IRQHandler	8	static
