../Src/dfplayer_lib.c:18:6:dfplayer_send_cmd	32	static
../Src/dfplayer_lib.c:34:6:dfplayer_init	16	static
../Src/dfplayer_lib.c:45:6:dfplayer_play_first_track	8	static
../Src/dfplayer_lib.c:51:6:dfplayer_play_next_track	8	static
../Src/dfplayer_lib.c:57:6:dfplayer_play_prev_track	8	static
../Src/dfplayer_lib.c:63:6:dfplayer_pause_track	8	static
../Src/dfplayer_lib.c:69:6:dfplayer_playback_track	8	static
../Src/dfplayer_lib.c:75:6:test_play_pause_btn	8	static
../Src/dfplayer_lib.c:96:6:test_next_btn	8	static
../Src/dfplayer_lib.c:105:6:test_prev_btn	8	static
